Packet Capture Time,Send Time,Exchange Timestamp,Tick Type,Symbol,Size,Price,Trade ID,Sale Condition
1696248001050853120,1696248001050426049,1696248001047749383,T,TSLA,10,250.640000,1477663,EXTENDED_HOURS|ODD_LOT
1696248001050874880,1696248001050826086,1696248001047749383,T,TSLA,40,250.650000,1477672,EXTENDED_HOURS|ODD_LOT
1696248005095923968,1696248005095890975,1696248005093262073,T,GOOGL,34,130.550000,1515432,EXTENDED_HOURS|ODD_LOT
1696248005096273920,1696248005096255751,1696248005093262073,T,GOOGL,10,130.580000,1515440,EXTENDED_HOURS|ODD_LOT
1696248005096345088,1696248005096326989,1696248005093262073,T,GOOGL,2,130.580000,1515445,EXTENDED_HOURS|ODD_LOT
1696248023734478080,1696248023734447331,1696248023734238369,T,TSLA,50,250.390000,1619211,EXTENDED_HOURS|ODD_LOT
