Packet Capture Time,Send Time, Buy_Ask Flag,Exchange Timestamp,Tick Type,Symbol,Price,Size,Record Type,Event Flag
1696248000195521024,1696248000195481208,0,1696248000194933178,PRL,AMZN,76.010000,10,R,1
1696248000327041024,1696248000326948634,1,1696248000184809932,PRL,MSFT,348.000000,20,R,1
